Archive member included to satisfy reference by file (symbol)

C:/PROGRA~1/ARM-GN~1/ARM-GN~1.REL/bin/../lib/gcc/arm-none-eabi/14.2.1/thumb/v7e-m/nofp\libg_nano.a(libc_a-exit.o)
                              C:/PROGRA~1/ARM-GN~1/ARM-GN~1.REL/bin/../lib/gcc/arm-none-eabi/14.2.1/thumb/v7e-m/nofp/crt0.o (exit)
C:/PROGRA~1/ARM-GN~1/ARM-GN~1.REL/bin/../lib/gcc/arm-none-eabi/14.2.1/thumb/v7e-m/nofp\libg_nano.a(libc_a-findfp.o)
                              C:/PROGRA~1/ARM-GN~1/ARM-GN~1.REL/bin/../lib/gcc/arm-none-eabi/14.2.1/thumb/v7e-m/nofp\libg_nano.a(libc_a-exit.o) (__stdio_exit_handler)
C:/PROGRA~1/ARM-GN~1/ARM-GN~1.REL/bin/../lib/gcc/arm-none-eabi/14.2.1/thumb/v7e-m/nofp\libg_nano.a(libc_a-fwalk.o)
                              C:/PROGRA~1/ARM-GN~1/ARM-GN~1.REL/bin/../lib/gcc/arm-none-eabi/14.2.1/thumb/v7e-m/nofp\libg_nano.a(libc_a-findfp.o) (_fwalk_sglue)
C:/PROGRA~1/ARM-GN~1/ARM-GN~1.REL/bin/../lib/gcc/arm-none-eabi/14.2.1/thumb/v7e-m/nofp\libg_nano.a(libc_a-stdio.o)
                              C:/PROGRA~1/ARM-GN~1/ARM-GN~1.REL/bin/../lib/gcc/arm-none-eabi/14.2.1/thumb/v7e-m/nofp\libg_nano.a(libc_a-findfp.o) (__sread)
C:/PROGRA~1/ARM-GN~1/ARM-GN~1.REL/bin/../lib/gcc/arm-none-eabi/14.2.1/thumb/v7e-m/nofp\libg_nano.a(libc_a-memset.o)
                              C:/PROGRA~1/ARM-GN~1/ARM-GN~1.REL/bin/../lib/gcc/arm-none-eabi/14.2.1/thumb/v7e-m/nofp/crt0.o (memset)
C:/PROGRA~1/ARM-GN~1/ARM-GN~1.REL/bin/../lib/gcc/arm-none-eabi/14.2.1/thumb/v7e-m/nofp\libg_nano.a(libc_a-closer.o)
                              C:/PROGRA~1/ARM-GN~1/ARM-GN~1.REL/bin/../lib/gcc/arm-none-eabi/14.2.1/thumb/v7e-m/nofp\libg_nano.a(libc_a-stdio.o) (_close_r)
C:/PROGRA~1/ARM-GN~1/ARM-GN~1.REL/bin/../lib/gcc/arm-none-eabi/14.2.1/thumb/v7e-m/nofp\libg_nano.a(libc_a-reent.o)
                              C:/PROGRA~1/ARM-GN~1/ARM-GN~1.REL/bin/../lib/gcc/arm-none-eabi/14.2.1/thumb/v7e-m/nofp\libg_nano.a(libc_a-closer.o) (errno)
C:/PROGRA~1/ARM-GN~1/ARM-GN~1.REL/bin/../lib/gcc/arm-none-eabi/14.2.1/thumb/v7e-m/nofp\libg_nano.a(libc_a-impure.o)
                              C:/PROGRA~1/ARM-GN~1/ARM-GN~1.REL/bin/../lib/gcc/arm-none-eabi/14.2.1/thumb/v7e-m/nofp\libg_nano.a(libc_a-reent.o) (_impure_ptr)
C:/PROGRA~1/ARM-GN~1/ARM-GN~1.REL/bin/../lib/gcc/arm-none-eabi/14.2.1/thumb/v7e-m/nofp\libg_nano.a(libc_a-lseekr.o)
                              C:/PROGRA~1/ARM-GN~1/ARM-GN~1.REL/bin/../lib/gcc/arm-none-eabi/14.2.1/thumb/v7e-m/nofp\libg_nano.a(libc_a-stdio.o) (_lseek_r)
C:/PROGRA~1/ARM-GN~1/ARM-GN~1.REL/bin/../lib/gcc/arm-none-eabi/14.2.1/thumb/v7e-m/nofp\libg_nano.a(libc_a-readr.o)
                              C:/PROGRA~1/ARM-GN~1/ARM-GN~1.REL/bin/../lib/gcc/arm-none-eabi/14.2.1/thumb/v7e-m/nofp\libg_nano.a(libc_a-stdio.o) (_read_r)
C:/PROGRA~1/ARM-GN~1/ARM-GN~1.REL/bin/../lib/gcc/arm-none-eabi/14.2.1/thumb/v7e-m/nofp\libg_nano.a(libc_a-writer.o)
                              C:/PROGRA~1/ARM-GN~1/ARM-GN~1.REL/bin/../lib/gcc/arm-none-eabi/14.2.1/thumb/v7e-m/nofp\libg_nano.a(libc_a-stdio.o) (_write_r)
C:/PROGRA~1/ARM-GN~1/ARM-GN~1.REL/bin/../lib/gcc/arm-none-eabi/14.2.1/thumb/v7e-m/nofp\libg_nano.a(libc_a-init.o)
                              C:/PROGRA~1/ARM-GN~1/ARM-GN~1.REL/bin/../lib/gcc/arm-none-eabi/14.2.1/thumb/v7e-m/nofp/crt0.o (__libc_init_array)
C:/PROGRA~1/ARM-GN~1/ARM-GN~1.REL/bin/../lib/gcc/arm-none-eabi/14.2.1/thumb/v7e-m/nofp\libg_nano.a(libc_a-lock.o)
                              C:/PROGRA~1/ARM-GN~1/ARM-GN~1.REL/bin/../lib/gcc/arm-none-eabi/14.2.1/thumb/v7e-m/nofp\libg_nano.a(libc_a-findfp.o) (__retarget_lock_init_recursive)
C:/PROGRA~1/ARM-GN~1/ARM-GN~1.REL/bin/../lib/gcc/arm-none-eabi/14.2.1/thumb/v7e-m/nofp\libg_nano.a(libc_a-freer.o)
                              C:/PROGRA~1/ARM-GN~1/ARM-GN~1.REL/bin/../lib/gcc/arm-none-eabi/14.2.1/thumb/v7e-m/nofp\libg_nano.a(libc_a-reent.o) (_free_r)
C:/PROGRA~1/ARM-GN~1/ARM-GN~1.REL/bin/../lib/gcc/arm-none-eabi/14.2.1/thumb/v7e-m/nofp\libg_nano.a(libc_a-mallocr.o)
                              C:/PROGRA~1/ARM-GN~1/ARM-GN~1.REL/bin/../lib/gcc/arm-none-eabi/14.2.1/thumb/v7e-m/nofp\libg_nano.a(libc_a-findfp.o) (_malloc_r)
C:/PROGRA~1/ARM-GN~1/ARM-GN~1.REL/bin/../lib/gcc/arm-none-eabi/14.2.1/thumb/v7e-m/nofp\libg_nano.a(libc_a-mlock.o)
                              C:/PROGRA~1/ARM-GN~1/ARM-GN~1.REL/bin/../lib/gcc/arm-none-eabi/14.2.1/thumb/v7e-m/nofp\libg_nano.a(libc_a-freer.o) (__malloc_lock)
C:/PROGRA~1/ARM-GN~1/ARM-GN~1.REL/bin/../lib/gcc/arm-none-eabi/14.2.1/thumb/v7e-m/nofp\libg_nano.a(libc_a-fflush.o)
                              C:/PROGRA~1/ARM-GN~1/ARM-GN~1.REL/bin/../lib/gcc/arm-none-eabi/14.2.1/thumb/v7e-m/nofp\libg_nano.a(libc_a-findfp.o) (_fflush_r)
C:/PROGRA~1/ARM-GN~1/ARM-GN~1.REL/bin/../lib/gcc/arm-none-eabi/14.2.1/thumb/v7e-m/nofp\libg_nano.a(libc_a-sbrkr.o)
                              C:/PROGRA~1/ARM-GN~1/ARM-GN~1.REL/bin/../lib/gcc/arm-none-eabi/14.2.1/thumb/v7e-m/nofp\libg_nano.a(libc_a-mallocr.o) (_sbrk_r)

Discarded input sections

 .text          0x00000000        0x0 C:/PROGRA~1/ARM-GN~1/ARM-GN~1.REL/bin/../lib/gcc/arm-none-eabi/14.2.1/thumb/v7e-m/nofp/crti.o
 .data          0x00000000        0x0 C:/PROGRA~1/ARM-GN~1/ARM-GN~1.REL/bin/../lib/gcc/arm-none-eabi/14.2.1/thumb/v7e-m/nofp/crti.o
 .bss           0x00000000        0x0 C:/PROGRA~1/ARM-GN~1/ARM-GN~1.REL/bin/../lib/gcc/arm-none-eabi/14.2.1/thumb/v7e-m/nofp/crti.o
 .text          0x00000000        0x0 C:/PROGRA~1/ARM-GN~1/ARM-GN~1.REL/bin/../lib/gcc/arm-none-eabi/14.2.1/thumb/v7e-m/nofp/crtbegin.o
 .data          0x00000000        0x0 C:/PROGRA~1/ARM-GN~1/ARM-GN~1.REL/bin/../lib/gcc/arm-none-eabi/14.2.1/thumb/v7e-m/nofp/crtbegin.o
 .bss           0x00000000        0x0 C:/PROGRA~1/ARM-GN~1/ARM-GN~1.REL/bin/../lib/gcc/arm-none-eabi/14.2.1/thumb/v7e-m/nofp/crtbegin.o
 .rodata.all_implied_fbits
                0x00000000       0x24 C:/PROGRA~1/ARM-GN~1/ARM-GN~1.REL/bin/../lib/gcc/arm-none-eabi/14.2.1/thumb/v7e-m/nofp/crtbegin.o
 .data.__dso_handle
                0x00000000        0x4 C:/PROGRA~1/ARM-GN~1/ARM-GN~1.REL/bin/../lib/gcc/arm-none-eabi/14.2.1/thumb/v7e-m/nofp/crtbegin.o
 .text          0x00000000       0x7c C:/PROGRA~1/ARM-GN~1/ARM-GN~1.REL/bin/../lib/gcc/arm-none-eabi/14.2.1/thumb/v7e-m/nofp/crt0.o
 .data          0x00000000        0x0 C:/PROGRA~1/ARM-GN~1/ARM-GN~1.REL/bin/../lib/gcc/arm-none-eabi/14.2.1/thumb/v7e-m/nofp/crt0.o
 .bss           0x00000000        0x0 C:/PROGRA~1/ARM-GN~1/ARM-GN~1.REL/bin/../lib/gcc/arm-none-eabi/14.2.1/thumb/v7e-m/nofp/crt0.o
 .ARM.extab     0x00000000        0x0 C:/PROGRA~1/ARM-GN~1/ARM-GN~1.REL/bin/../lib/gcc/arm-none-eabi/14.2.1/thumb/v7e-m/nofp/crt0.o
 .ARM.exidx     0x00000000       0x10 C:/PROGRA~1/ARM-GN~1/ARM-GN~1.REL/bin/../lib/gcc/arm-none-eabi/14.2.1/thumb/v7e-m/nofp/crt0.o
 .debug_line_str
                0x00000000       0xd7 C:/PROGRA~1/ARM-GN~1/ARM-GN~1.REL/bin/../lib/gcc/arm-none-eabi/14.2.1/thumb/v7e-m/nofp/crt0.o
 .ARM.attributes
                0x00000000       0x1c C:/PROGRA~1/ARM-GN~1/ARM-GN~1.REL/bin/../lib/gcc/arm-none-eabi/14.2.1/thumb/v7e-m/nofp/crt0.o
 .text          0x00000000        0x0 CMakeFiles/Task_5.dir/EXTI/EXTI.c.obj
 .data          0x00000000        0x0 CMakeFiles/Task_5.dir/EXTI/EXTI.c.obj
 .bss           0x00000000        0x0 CMakeFiles/Task_5.dir/EXTI/EXTI.c.obj
 .text.Exti_Disable
                0x00000000       0x30 CMakeFiles/Task_5.dir/EXTI/EXTI.c.obj
 .text          0x00000000        0x0 CMakeFiles/Task_5.dir/GPIO/GPIO.c.obj
 .data          0x00000000        0x0 CMakeFiles/Task_5.dir/GPIO/GPIO.c.obj
 .bss           0x00000000        0x0 CMakeFiles/Task_5.dir/GPIO/GPIO.c.obj
 .text          0x00000000        0x0 CMakeFiles/Task_5.dir/Rcc/Rcc.c.obj
 .data          0x00000000        0x0 CMakeFiles/Task_5.dir/Rcc/Rcc.c.obj
 .bss           0x00000000        0x0 CMakeFiles/Task_5.dir/Rcc/Rcc.c.obj
 .text.Rcc_Disable
                0x00000000       0xa0 CMakeFiles/Task_5.dir/Rcc/Rcc.c.obj
 .text          0x00000000        0x0 CMakeFiles/Task_5.dir/src/main.c.obj
 .data          0x00000000        0x0 CMakeFiles/Task_5.dir/src/main.c.obj
 .bss           0x00000000        0x0 CMakeFiles/Task_5.dir/src/main.c.obj
 .text          0x00000000        0x0 CMakeFiles/Task_5.dir/STM32-base-STM32Cube/CMSIS/STM32F4xx/src/system_stm32f4xx.c.obj
 .data          0x00000000        0x0 CMakeFiles/Task_5.dir/STM32-base-STM32Cube/CMSIS/STM32F4xx/src/system_stm32f4xx.c.obj
 .bss           0x00000000        0x0 CMakeFiles/Task_5.dir/STM32-base-STM32Cube/CMSIS/STM32F4xx/src/system_stm32f4xx.c.obj
 .data.SystemCoreClock
                0x00000000        0x4 CMakeFiles/Task_5.dir/STM32-base-STM32Cube/CMSIS/STM32F4xx/src/system_stm32f4xx.c.obj
 .rodata.AHBPrescTable
                0x00000000       0x10 CMakeFiles/Task_5.dir/STM32-base-STM32Cube/CMSIS/STM32F4xx/src/system_stm32f4xx.c.obj
 .rodata.APBPrescTable
                0x00000000        0x8 CMakeFiles/Task_5.dir/STM32-base-STM32Cube/CMSIS/STM32F4xx/src/system_stm32f4xx.c.obj
 .text.SystemInit
                0x00000000       0x5c CMakeFiles/Task_5.dir/STM32-base-STM32Cube/CMSIS/STM32F4xx/src/system_stm32f4xx.c.obj
 .text.SystemCoreClockUpdate
                0x00000000      0x100 CMakeFiles/Task_5.dir/STM32-base-STM32Cube/CMSIS/STM32F4xx/src/system_stm32f4xx.c.obj
 .debug_info    0x00000000      0x5af CMakeFiles/Task_5.dir/STM32-base-STM32Cube/CMSIS/STM32F4xx/src/system_stm32f4xx.c.obj
 .debug_abbrev  0x00000000      0x115 CMakeFiles/Task_5.dir/STM32-base-STM32Cube/CMSIS/STM32F4xx/src/system_stm32f4xx.c.obj
 .debug_loc     0x00000000       0xa0 CMakeFiles/Task_5.dir/STM32-base-STM32Cube/CMSIS/STM32F4xx/src/system_stm32f4xx.c.obj
 .debug_aranges
                0x00000000       0x28 CMakeFiles/Task_5.dir/STM32-base-STM32Cube/CMSIS/STM32F4xx/src/system_stm32f4xx.c.obj
 .debug_ranges  0x00000000       0x18 CMakeFiles/Task_5.dir/STM32-base-STM32Cube/CMSIS/STM32F4xx/src/system_stm32f4xx.c.obj
 .debug_line    0x00000000      0x2ea CMakeFiles/Task_5.dir/STM32-base-STM32Cube/CMSIS/STM32F4xx/src/system_stm32f4xx.c.obj
 .debug_str     0x00000000      0x40d CMakeFiles/Task_5.dir/STM32-base-STM32Cube/CMSIS/STM32F4xx/src/system_stm32f4xx.c.obj
 .comment       0x00000000       0x46 CMakeFiles/Task_5.dir/STM32-base-STM32Cube/CMSIS/STM32F4xx/src/system_stm32f4xx.c.obj
 .debug_frame   0x00000000       0x58 CMakeFiles/Task_5.dir/STM32-base-STM32Cube/CMSIS/STM32F4xx/src/system_stm32f4xx.c.obj
 .ARM.attributes
                0x00000000       0x2e CMakeFiles/Task_5.dir/STM32-base-STM32Cube/CMSIS/STM32F4xx/src/system_stm32f4xx.c.obj
 .text          0x00000000       0x14 CMakeFiles/Task_5.dir/STM32-base/startup/STM32F4xx/STM32F401xE.s.obj
 .data          0x00000000        0x0 CMakeFiles/Task_5.dir/STM32-base/startup/STM32F4xx/STM32F401xE.s.obj
 .bss           0x00000000        0x0 CMakeFiles/Task_5.dir/STM32-base/startup/STM32F4xx/STM32F401xE.s.obj
 .text          0x00000000        0x0 C:/PROGRA~1/ARM-GN~1/ARM-GN~1.REL/bin/../lib/gcc/arm-none-eabi/14.2.1/thumb/v7e-m/nofp\libg_nano.a(libc_a-exit.o)
 .data          0x00000000        0x0 C:/PROGRA~1/ARM-GN~1/ARM-GN~1.REL/bin/../lib/gcc/arm-none-eabi/14.2.1/thumb/v7e-m/nofp\libg_nano.a(libc_a-exit.o)
 .bss           0x00000000        0x0 C:/PROGRA~1/ARM-GN~1/ARM-GN~1.REL/bin/../lib/gcc/arm-none-eabi/14.2.1/thumb/v7e-m/nofp\libg_nano.a(libc_a-exit.o)
 .text.exit     0x00000000       0x24 C:/PROGRA~1/ARM-GN~1/ARM-GN~1.REL/bin/../lib/gcc/arm-none-eabi/14.2.1/thumb/v7e-m/nofp\libg_nano.a(libc_a-exit.o)
 .debug_frame   0x00000000       0x28 C:/PROGRA~1/ARM-GN~1/ARM-GN~1.REL/bin/../lib/gcc/arm-none-eabi/14.2.1/thumb/v7e-m/nofp\libg_nano.a(libc_a-exit.o)
 .ARM.attributes
                0x00000000       0x2e C:/PROGRA~1/ARM-GN~1/ARM-GN~1.REL/bin/../lib/gcc/arm-none-eabi/14.2.1/thumb/v7e-m/nofp\libg_nano.a(libc_a-exit.o)
 .text          0x00000000        0x0 C:/PROGRA~1/ARM-GN~1/ARM-GN~1.REL/bin/../lib/gcc/arm-none-eabi/14.2.1/thumb/v7e-m/nofp\libg_nano.a(libc_a-findfp.o)
 .data          0x00000000        0x0 C:/PROGRA~1/ARM-GN~1/ARM-GN~1.REL/bin/../lib/gcc/arm-none-eabi/14.2.1/thumb/v7e-m/nofp\libg_nano.a(libc_a-findfp.o)
 .bss           0x00000000        0x0 C:/PROGRA~1/ARM-GN~1/ARM-GN~1.REL/bin/../lib/gcc/arm-none-eabi/14.2.1/thumb/v7e-m/nofp\libg_nano.a(libc_a-findfp.o)
 .text.std      0x00000000       0x6c C:/PROGRA~1/ARM-GN~1/ARM-GN~1.REL/bin/../lib/gcc/arm-none-eabi/14.2.1/thumb/v7e-m/nofp\libg_nano.a(libc_a-findfp.o)
 .text.stdio_exit_handler
                0x00000000       0x18 C:/PROGRA~1/ARM-GN~1/ARM-GN~1.REL/bin/../lib/gcc/arm-none-eabi/14.2.1/thumb/v7e-m/nofp\libg_nano.a(libc_a-findfp.o)
 .text.cleanup_stdio
                0x00000000       0x40 C:/PROGRA~1/ARM-GN~1/ARM-GN~1.REL/bin/../lib/gcc/arm-none-eabi/14.2.1/thumb/v7e-m/nofp\libg_nano.a(libc_a-findfp.o)
 .text.__fp_lock
                0x00000000       0x18 C:/PROGRA~1/ARM-GN~1/ARM-GN~1.REL/bin/../lib/gcc/arm-none-eabi/14.2.1/thumb/v7e-m/nofp\libg_nano.a(libc_a-findfp.o)
 .text.__fp_unlock
                0x00000000       0x18 C:/PROGRA~1/ARM-GN~1/ARM-GN~1.REL/bin/../lib/gcc/arm-none-eabi/14.2.1/thumb/v7e-m/nofp\libg_nano.a(libc_a-findfp.o)
 .text.global_stdio_init.part.0
                0x00000000       0x40 C:/PROGRA~1/ARM-GN~1/ARM-GN~1.REL/bin/../lib/gcc/arm-none-eabi/14.2.1/thumb/v7e-m/nofp\libg_nano.a(libc_a-findfp.o)
 .text.__sfp_lock_acquire
                0x00000000        0xc C:/PROGRA~1/ARM-GN~1/ARM-GN~1.REL/bin/../lib/gcc/arm-none-eabi/14.2.1/thumb/v7e-m/nofp\libg_nano.a(libc_a-findfp.o)
 .text.__sfp_lock_release
                0x00000000        0xc C:/PROGRA~1/ARM-GN~1/ARM-GN~1.REL/bin/../lib/gcc/arm-none-eabi/14.2.1/thumb/v7e-m/nofp\libg_nano.a(libc_a-findfp.o)
 .text.__sfp    0x00000000       0xa4 C:/PROGRA~1/ARM-GN~1/ARM-GN~1.REL/bin/../lib/gcc/arm-none-eabi/14.2.1/thumb/v7e-m/nofp\libg_nano.a(libc_a-findfp.o)
 .text.__sinit  0x00000000       0x30 C:/PROGRA~1/ARM-GN~1/ARM-GN~1.REL/bin/../lib/gcc/arm-none-eabi/14.2.1/thumb/v7e-m/nofp\libg_nano.a(libc_a-findfp.o)
 .text.__fp_lock_all
                0x00000000       0x1c C:/PROGRA~1/ARM-GN~1/ARM-GN~1.REL/bin/../lib/gcc/arm-none-eabi/14.2.1/thumb/v7e-m/nofp\libg_nano.a(libc_a-findfp.o)
 .text.__fp_unlock_all
                0x00000000       0x1c C:/PROGRA~1/ARM-GN~1/ARM-GN~1.REL/bin/../lib/gcc/arm-none-eabi/14.2.1/thumb/v7e-m/nofp\libg_nano.a(libc_a-findfp.o)
 .data.__sglue  0x00000000        0xc C:/PROGRA~1/ARM-GN~1/ARM-GN~1.REL/bin/../lib/gcc/arm-none-eabi/14.2.1/thumb/v7e-m/nofp\libg_nano.a(libc_a-findfp.o)
 .bss.__sf      0x00000000      0x138 C:/PROGRA~1/ARM-GN~1/ARM-GN~1.REL/bin/../lib/gcc/arm-none-eabi/14.2.1/thumb/v7e-m/nofp\libg_nano.a(libc_a-findfp.o)
 .bss.__stdio_exit_handler
                0x00000000        0x4 C:/PROGRA~1/ARM-GN~1/ARM-GN~1.REL/bin/../lib/gcc/arm-none-eabi/14.2.1/thumb/v7e-m/nofp\libg_nano.a(libc_a-findfp.o)
 .debug_frame   0x00000000      0x144 C:/PROGRA~1/ARM-GN~1/ARM-GN~1.REL/bin/../lib/gcc/arm-none-eabi/14.2.1/thumb/v7e-m/nofp\libg_nano.a(libc_a-findfp.o)
 .ARM.attributes
                0x00000000       0x2e C:/PROGRA~1/ARM-GN~1/ARM-GN~1.REL/bin/../lib/gcc/arm-none-eabi/14.2.1/thumb/v7e-m/nofp\libg_nano.a(libc_a-findfp.o)
 .text          0x00000000        0x0 C:/PROGRA~1/ARM-GN~1/ARM-GN~1.REL/bin/../lib/gcc/arm-none-eabi/14.2.1/thumb/v7e-m/nofp\libg_nano.a(libc_a-fwalk.o)
 .data          0x00000000        0x0 C:/PROGRA~1/ARM-GN~1/ARM-GN~1.REL/bin/../lib/gcc/arm-none-eabi/14.2.1/thumb/v7e-m/nofp\libg_nano.a(libc_a-fwalk.o)
 .bss           0x00000000        0x0 C:/PROGRA~1/ARM-GN~1/ARM-GN~1.REL/bin/../lib/gcc/arm-none-eabi/14.2.1/thumb/v7e-m/nofp\libg_nano.a(libc_a-fwalk.o)
 .text._fwalk_sglue
                0x00000000       0x3c C:/PROGRA~1/ARM-GN~1/ARM-GN~1.REL/bin/../lib/gcc/arm-none-eabi/14.2.1/thumb/v7e-m/nofp\libg_nano.a(libc_a-fwalk.o)
 .debug_frame   0x00000000       0x34 C:/PROGRA~1/ARM-GN~1/ARM-GN~1.REL/bin/../lib/gcc/arm-none-eabi/14.2.1/thumb/v7e-m/nofp\libg_nano.a(libc_a-fwalk.o)
 .ARM.attributes
                0x00000000       0x2e C:/PROGRA~1/ARM-GN~1/ARM-GN~1.REL/bin/../lib/gcc/arm-none-eabi/14.2.1/thumb/v7e-m/nofp\libg_nano.a(libc_a-fwalk.o)
 .text          0x00000000        0x0 C:/PROGRA~1/ARM-GN~1/ARM-GN~1.REL/bin/../lib/gcc/arm-none-eabi/14.2.1/thumb/v7e-m/nofp\libg_nano.a(libc_a-stdio.o)
 .data          0x00000000        0x0 C:/PROGRA~1/ARM-GN~1/ARM-GN~1.REL/bin/../lib/gcc/arm-none-eabi/14.2.1/thumb/v7e-m/nofp\libg_nano.a(libc_a-stdio.o)
 .bss           0x00000000        0x0 C:/PROGRA~1/ARM-GN~1/ARM-GN~1.REL/bin/../lib/gcc/arm-none-eabi/14.2.1/thumb/v7e-m/nofp\libg_nano.a(libc_a-stdio.o)
 .text.__sread  0x00000000       0x22 C:/PROGRA~1/ARM-GN~1/ARM-GN~1.REL/bin/../lib/gcc/arm-none-eabi/14.2.1/thumb/v7e-m/nofp\libg_nano.a(libc_a-stdio.o)
 .text.__seofread
                0x00000000        0x4 C:/PROGRA~1/ARM-GN~1/ARM-GN~1.REL/bin/../lib/gcc/arm-none-eabi/14.2.1/thumb/v7e-m/nofp\libg_nano.a(libc_a-stdio.o)
 .text.__swrite
                0x00000000       0x38 C:/PROGRA~1/ARM-GN~1/ARM-GN~1.REL/bin/../lib/gcc/arm-none-eabi/14.2.1/thumb/v7e-m/nofp\libg_nano.a(libc_a-stdio.o)
 .text.__sseek  0x00000000       0x26 C:/PROGRA~1/ARM-GN~1/ARM-GN~1.REL/bin/../lib/gcc/arm-none-eabi/14.2.1/thumb/v7e-m/nofp\libg_nano.a(libc_a-stdio.o)
 .text.__sclose
                0x00000000        0x8 C:/PROGRA~1/ARM-GN~1/ARM-GN~1.REL/bin/../lib/gcc/arm-none-eabi/14.2.1/thumb/v7e-m/nofp\libg_nano.a(libc_a-stdio.o)
 .debug_frame   0x00000000       0x88 C:/PROGRA~1/ARM-GN~1/ARM-GN~1.REL/bin/../lib/gcc/arm-none-eabi/14.2.1/thumb/v7e-m/nofp\libg_nano.a(libc_a-stdio.o)
 .ARM.attributes
                0x00000000       0x2e C:/PROGRA~1/ARM-GN~1/ARM-GN~1.REL/bin/../lib/gcc/arm-none-eabi/14.2.1/thumb/v7e-m/nofp\libg_nano.a(libc_a-stdio.o)
 .text          0x00000000        0x0 C:/PROGRA~1/ARM-GN~1/ARM-GN~1.REL/bin/../lib/gcc/arm-none-eabi/14.2.1/thumb/v7e-m/nofp\libg_nano.a(libc_a-memset.o)
 .data          0x00000000        0x0 C:/PROGRA~1/ARM-GN~1/ARM-GN~1.REL/bin/../lib/gcc/arm-none-eabi/14.2.1/thumb/v7e-m/nofp\libg_nano.a(libc_a-memset.o)
 .bss           0x00000000        0x0 C:/PROGRA~1/ARM-GN~1/ARM-GN~1.REL/bin/../lib/gcc/arm-none-eabi/14.2.1/thumb/v7e-m/nofp\libg_nano.a(libc_a-memset.o)
 .text.memset   0x00000000       0x10 C:/PROGRA~1/ARM-GN~1/ARM-GN~1.REL/bin/../lib/gcc/arm-none-eabi/14.2.1/thumb/v7e-m/nofp\libg_nano.a(libc_a-memset.o)
 .debug_frame   0x00000000       0x20 C:/PROGRA~1/ARM-GN~1/ARM-GN~1.REL/bin/../lib/gcc/arm-none-eabi/14.2.1/thumb/v7e-m/nofp\libg_nano.a(libc_a-memset.o)
 .ARM.attributes
                0x00000000       0x2e C:/PROGRA~1/ARM-GN~1/ARM-GN~1.REL/bin/../lib/gcc/arm-none-eabi/14.2.1/thumb/v7e-m/nofp\libg_nano.a(libc_a-memset.o)
 .text          0x00000000        0x0 C:/PROGRA~1/ARM-GN~1/ARM-GN~1.REL/bin/../lib/gcc/arm-none-eabi/14.2.1/thumb/v7e-m/nofp\libg_nano.a(libc_a-closer.o)
 .data          0x00000000        0x0 C:/PROGRA~1/ARM-GN~1/ARM-GN~1.REL/bin/../lib/gcc/arm-none-eabi/14.2.1/thumb/v7e-m/nofp\libg_nano.a(libc_a-closer.o)
 .bss           0x00000000        0x0 C:/PROGRA~1/ARM-GN~1/ARM-GN~1.REL/bin/../lib/gcc/arm-none-eabi/14.2.1/thumb/v7e-m/nofp\libg_nano.a(libc_a-closer.o)
 .text._close_r
                0x00000000       0x20 C:/PROGRA~1/ARM-GN~1/ARM-GN~1.REL/bin/../lib/gcc/arm-none-eabi/14.2.1/thumb/v7e-m/nofp\libg_nano.a(libc_a-closer.o)
 .debug_frame   0x00000000       0x2c C:/PROGRA~1/ARM-GN~1/ARM-GN~1.REL/bin/../lib/gcc/arm-none-eabi/14.2.1/thumb/v7e-m/nofp\libg_nano.a(libc_a-closer.o)
 .ARM.attributes
                0x00000000       0x2e C:/PROGRA~1/ARM-GN~1/ARM-GN~1.REL/bin/../lib/gcc/arm-none-eabi/14.2.1/thumb/v7e-m/nofp\libg_nano.a(libc_a-closer.o)
 .text          0x00000000        0x0 C:/PROGRA~1/ARM-GN~1/ARM-GN~1.REL/bin/../lib/gcc/arm-none-eabi/14.2.1/thumb/v7e-m/nofp\libg_nano.a(libc_a-reent.o)
 .data          0x00000000        0x0 C:/PROGRA~1/ARM-GN~1/ARM-GN~1.REL/bin/../lib/gcc/arm-none-eabi/14.2.1/thumb/v7e-m/nofp\libg_nano.a(libc_a-reent.o)
 .bss           0x00000000        0x0 C:/PROGRA~1/ARM-GN~1/ARM-GN~1.REL/bin/../lib/gcc/arm-none-eabi/14.2.1/thumb/v7e-m/nofp\libg_nano.a(libc_a-reent.o)
 .text._reclaim_reent
                0x00000000       0xbc C:/PROGRA~1/ARM-GN~1/ARM-GN~1.REL/bin/../lib/gcc/arm-none-eabi/14.2.1/thumb/v7e-m/nofp\libg_nano.a(libc_a-reent.o)
 .bss.errno     0x00000000        0x4 C:/PROGRA~1/ARM-GN~1/ARM-GN~1.REL/bin/../lib/gcc/arm-none-eabi/14.2.1/thumb/v7e-m/nofp\libg_nano.a(libc_a-reent.o)
 .debug_frame   0x00000000       0x38 C:/PROGRA~1/ARM-GN~1/ARM-GN~1.REL/bin/../lib/gcc/arm-none-eabi/14.2.1/thumb/v7e-m/nofp\libg_nano.a(libc_a-reent.o)
 .ARM.attributes
                0x00000000       0x2e C:/PROGRA~1/ARM-GN~1/ARM-GN~1.REL/bin/../lib/gcc/arm-none-eabi/14.2.1/thumb/v7e-m/nofp\libg_nano.a(libc_a-reent.o)
 .text          0x00000000        0x0 C:/PROGRA~1/ARM-GN~1/ARM-GN~1.REL/bin/../lib/gcc/arm-none-eabi/14.2.1/thumb/v7e-m/nofp\libg_nano.a(libc_a-impure.o)
 .data          0x00000000        0x0 C:/PROGRA~1/ARM-GN~1/ARM-GN~1.REL/bin/../lib/gcc/arm-none-eabi/14.2.1/thumb/v7e-m/nofp\libg_nano.a(libc_a-impure.o)
 .bss           0x00000000        0x0 C:/PROGRA~1/ARM-GN~1/ARM-GN~1.REL/bin/../lib/gcc/arm-none-eabi/14.2.1/thumb/v7e-m/nofp\libg_nano.a(libc_a-impure.o)
 .data._impure_ptr
                0x00000000        0x4 C:/PROGRA~1/ARM-GN~1/ARM-GN~1.REL/bin/../lib/gcc/arm-none-eabi/14.2.1/thumb/v7e-m/nofp\libg_nano.a(libc_a-impure.o)
 .data._impure_data
                0x00000000       0x4c C:/PROGRA~1/ARM-GN~1/ARM-GN~1.REL/bin/../lib/gcc/arm-none-eabi/14.2.1/thumb/v7e-m/nofp\libg_nano.a(libc_a-impure.o)
 .ARM.attributes
                0x00000000       0x2e C:/PROGRA~1/ARM-GN~1/ARM-GN~1.REL/bin/../lib/gcc/arm-none-eabi/14.2.1/thumb/v7e-m/nofp\libg_nano.a(libc_a-impure.o)
 .text          0x00000000        0x0 C:/PROGRA~1/ARM-GN~1/ARM-GN~1.REL/bin/../lib/gcc/arm-none-eabi/14.2.1/thumb/v7e-m/nofp\libg_nano.a(libc_a-lseekr.o)
 .data          0x00000000        0x0 C:/PROGRA~1/ARM-GN~1/ARM-GN~1.REL/bin/../lib/gcc/arm-none-eabi/14.2.1/thumb/v7e-m/nofp\libg_nano.a(libc_a-lseekr.o)
 .bss           0x00000000        0x0 C:/PROGRA~1/ARM-GN~1/ARM-GN~1.REL/bin/../lib/gcc/arm-none-eabi/14.2.1/thumb/v7e-m/nofp\libg_nano.a(libc_a-lseekr.o)
 .text._lseek_r
                0x00000000       0x24 C:/PROGRA~1/ARM-GN~1/ARM-GN~1.REL/bin/../lib/gcc/arm-none-eabi/14.2.1/thumb/v7e-m/nofp\libg_nano.a(libc_a-lseekr.o)
 .debug_frame   0x00000000       0x2c C:/PROGRA~1/ARM-GN~1/ARM-GN~1.REL/bin/../lib/gcc/arm-none-eabi/14.2.1/thumb/v7e-m/nofp\libg_nano.a(libc_a-lseekr.o)
 .ARM.attributes
                0x00000000       0x2e C:/PROGRA~1/ARM-GN~1/ARM-GN~1.REL/bin/../lib/gcc/arm-none-eabi/14.2.1/thumb/v7e-m/nofp\libg_nano.a(libc_a-lseekr.o)
 .text          0x00000000        0x0 C:/PROGRA~1/ARM-GN~1/ARM-GN~1.REL/bin/../lib/gcc/arm-none-eabi/14.2.1/thumb/v7e-m/nofp\libg_nano.a(libc_a-readr.o)
 .data          0x00000000        0x0 C:/PROGRA~1/ARM-GN~1/ARM-GN~1.REL/bin/../lib/gcc/arm-none-eabi/14.2.1/thumb/v7e-m/nofp\libg_nano.a(libc_a-readr.o)
 .bss           0x00000000        0x0 C:/PROGRA~1/ARM-GN~1/ARM-GN~1.REL/bin/../lib/gcc/arm-none-eabi/14.2.1/thumb/v7e-m/nofp\libg_nano.a(libc_a-readr.o)
 .text._read_r  0x00000000       0x24 C:/PROGRA~1/ARM-GN~1/ARM-GN~1.REL/bin/../lib/gcc/arm-none-eabi/14.2.1/thumb/v7e-m/nofp\libg_nano.a(libc_a-readr.o)
 .debug_frame   0x00000000       0x2c C:/PROGRA~1/ARM-GN~1/ARM-GN~1.REL/bin/../lib/gcc/arm-none-eabi/14.2.1/thumb/v7e-m/nofp\libg_nano.a(libc_a-readr.o)
 .ARM.attributes
                0x00000000       0x2e C:/PROGRA~1/ARM-GN~1/ARM-GN~1.REL/bin/../lib/gcc/arm-none-eabi/14.2.1/thumb/v7e-m/nofp\libg_nano.a(libc_a-readr.o)
 .text          0x00000000        0x0 C:/PROGRA~1/ARM-GN~1/ARM-GN~1.REL/bin/../lib/gcc/arm-none-eabi/14.2.1/thumb/v7e-m/nofp\libg_nano.a(libc_a-writer.o)
 .data          0x00000000        0x0 C:/PROGRA~1/ARM-GN~1/ARM-GN~1.REL/bin/../lib/gcc/arm-none-eabi/14.2.1/thumb/v7e-m/nofp\libg_nano.a(libc_a-writer.o)
 .bss           0x00000000        0x0 C:/PROGRA~1/ARM-GN~1/ARM-GN~1.REL/bin/../lib/gcc/arm-none-eabi/14.2.1/thumb/v7e-m/nofp\libg_nano.a(libc_a-writer.o)
 .text._write_r
                0x00000000       0x24 C:/PROGRA~1/ARM-GN~1/ARM-GN~1.REL/bin/../lib/gcc/arm-none-eabi/14.2.1/thumb/v7e-m/nofp\libg_nano.a(libc_a-writer.o)
 .debug_frame   0x00000000       0x2c C:/PROGRA~1/ARM-GN~1/ARM-GN~1.REL/bin/../lib/gcc/arm-none-eabi/14.2.1/thumb/v7e-m/nofp\libg_nano.a(libc_a-writer.o)
 .ARM.attributes
                0x00000000       0x2e C:/PROGRA~1/ARM-GN~1/ARM-GN~1.REL/bin/../lib/gcc/arm-none-eabi/14.2.1/thumb/v7e-m/nofp\libg_nano.a(libc_a-writer.o)
 .text          0x00000000        0x0 C:/PROGRA~1/ARM-GN~1/ARM-GN~1.REL/bin/../lib/gcc/arm-none-eabi/14.2.1/thumb/v7e-m/nofp\libg_nano.a(libc_a-init.o)
 .data          0x00000000        0x0 C:/PROGRA~1/ARM-GN~1/ARM-GN~1.REL/bin/../lib/gcc/arm-none-eabi/14.2.1/thumb/v7e-m/nofp\libg_nano.a(libc_a-init.o)
 .bss           0x00000000        0x0 C:/PROGRA~1/ARM-GN~1/ARM-GN~1.REL/bin/../lib/gcc/arm-none-eabi/14.2.1/thumb/v7e-m/nofp\libg_nano.a(libc_a-init.o)
 .text          0x00000000        0x0 C:/PROGRA~1/ARM-GN~1/ARM-GN~1.REL/bin/../lib/gcc/arm-none-eabi/14.2.1/thumb/v7e-m/nofp\libg_nano.a(libc_a-lock.o)
 .data          0x00000000        0x0 C:/PROGRA~1/ARM-GN~1/ARM-GN~1.REL/bin/../lib/gcc/arm-none-eabi/14.2.1/thumb/v7e-m/nofp\libg_nano.a(libc_a-lock.o)
 .bss           0x00000000        0x0 C:/PROGRA~1/ARM-GN~1/ARM-GN~1.REL/bin/../lib/gcc/arm-none-eabi/14.2.1/thumb/v7e-m/nofp\libg_nano.a(libc_a-lock.o)
 .text.__retarget_lock_init
                0x00000000        0x2 C:/PROGRA~1/ARM-GN~1/ARM-GN~1.REL/bin/../lib/gcc/arm-none-eabi/14.2.1/thumb/v7e-m/nofp\libg_nano.a(libc_a-lock.o)
 .text.__retarget_lock_init_recursive
                0x00000000        0x2 C:/PROGRA~1/ARM-GN~1/ARM-GN~1.REL/bin/../lib/gcc/arm-none-eabi/14.2.1/thumb/v7e-m/nofp\libg_nano.a(libc_a-lock.o)
 .text.__retarget_lock_close
                0x00000000        0x2 C:/PROGRA~1/ARM-GN~1/ARM-GN~1.REL/bin/../lib/gcc/arm-none-eabi/14.2.1/thumb/v7e-m/nofp\libg_nano.a(libc_a-lock.o)
 .text.__retarget_lock_close_recursive
                0x00000000        0x2 C:/PROGRA~1/ARM-GN~1/ARM-GN~1.REL/bin/../lib/gcc/arm-none-eabi/14.2.1/thumb/v7e-m/nofp\libg_nano.a(libc_a-lock.o)
 .text.__retarget_lock_acquire
                0x00000000        0x2 C:/PROGRA~1/ARM-GN~1/ARM-GN~1.REL/bin/../lib/gcc/arm-none-eabi/14.2.1/thumb/v7e-m/nofp\libg_nano.a(libc_a-lock.o)
 .text.__retarget_lock_acquire_recursive
                0x00000000        0x2 C:/PROGRA~1/ARM-GN~1/ARM-GN~1.REL/bin/../lib/gcc/arm-none-eabi/14.2.1/thumb/v7e-m/nofp\libg_nano.a(libc_a-lock.o)
 .text.__retarget_lock_try_acquire
                0x00000000        0x4 C:/PROGRA~1/ARM-GN~1/ARM-GN~1.REL/bin/../lib/gcc/arm-none-eabi/14.2.1/thumb/v7e-m/nofp\libg_nano.a(libc_a-lock.o)
 .text.__retarget_lock_try_acquire_recursive
                0x00000000        0x4 C:/PROGRA~1/ARM-GN~1/ARM-GN~1.REL/bin/../lib/gcc/arm-none-eabi/14.2.1/thumb/v7e-m/nofp\libg_nano.a(libc_a-lock.o)
 .text.__retarget_lock_release
                0x00000000        0x2 C:/PROGRA~1/ARM-GN~1/ARM-GN~1.REL/bin/../lib/gcc/arm-none-eabi/14.2.1/thumb/v7e-m/nofp\libg_nano.a(libc_a-lock.o)
 .text.__retarget_lock_release_recursive
                0x00000000        0x2 C:/PROGRA~1/ARM-GN~1/ARM-GN~1.REL/bin/../lib/gcc/arm-none-eabi/14.2.1/thumb/v7e-m/nofp\libg_nano.a(libc_a-lock.o)
 .bss.__lock___arc4random_mutex
                0x00000000        0x1 C:/PROGRA~1/ARM-GN~1/ARM-GN~1.REL/bin/../lib/gcc/arm-none-eabi/14.2.1/thumb/v7e-m/nofp\libg_nano.a(libc_a-lock.o)
 .bss.__lock___dd_hash_mutex
                0x00000000        0x1 C:/PROGRA~1/ARM-GN~1/ARM-GN~1.REL/bin/../lib/gcc/arm-none-eabi/14.2.1/thumb/v7e-m/nofp\libg_nano.a(libc_a-lock.o)
 .bss.__lock___tz_mutex
                0x00000000        0x1 C:/PROGRA~1/ARM-GN~1/ARM-GN~1.REL/bin/../lib/gcc/arm-none-eabi/14.2.1/thumb/v7e-m/nofp\libg_nano.a(libc_a-lock.o)
 .bss.__lock___env_recursive_mutex
                0x00000000        0x1 C:/PROGRA~1/ARM-GN~1/ARM-GN~1.REL/bin/../lib/gcc/arm-none-eabi/14.2.1/thumb/v7e-m/nofp\libg_nano.a(libc_a-lock.o)
 .bss.__lock___malloc_recursive_mutex
                0x00000000        0x1 C:/PROGRA~1/ARM-GN~1/ARM-GN~1.REL/bin/../lib/gcc/arm-none-eabi/14.2.1/thumb/v7e-m/nofp\libg_nano.a(libc_a-lock.o)
 .bss.__lock___at_quick_exit_mutex
                0x00000000        0x1 C:/PROGRA~1/ARM-GN~1/ARM-GN~1.REL/bin/../lib/gcc/arm-none-eabi/14.2.1/thumb/v7e-m/nofp\libg_nano.a(libc_a-lock.o)
 .bss.__lock___atexit_recursive_mutex
                0x00000000        0x1 C:/PROGRA~1/ARM-GN~1/ARM-GN~1.REL/bin/../lib/gcc/arm-none-eabi/14.2.1/thumb/v7e-m/nofp\libg_nano.a(libc_a-lock.o)
 .bss.__lock___sfp_recursive_mutex
                0x00000000        0x1 C:/PROGRA~1/ARM-GN~1/ARM-GN~1.REL/bin/../lib/gcc/arm-none-eabi/14.2.1/thumb/v7e-m/nofp\libg_nano.a(libc_a-lock.o)
 .debug_frame   0x00000000       0xb0 C:/PROGRA~1/ARM-GN~1/ARM-GN~1.REL/bin/../lib/gcc/arm-none-eabi/14.2.1/thumb/v7e-m/nofp\libg_nano.a(libc_a-lock.o)
 .ARM.attributes
                0x00000000       0x2e C:/PROGRA~1/ARM-GN~1/ARM-GN~1.REL/bin/../lib/gcc/arm-none-eabi/14.2.1/thumb/v7e-m/nofp\libg_nano.a(libc_a-lock.o)
 .text          0x00000000        0x0 C:/PROGRA~1/ARM-GN~1/ARM-GN~1.REL/bin/../lib/gcc/arm-none-eabi/14.2.1/thumb/v7e-m/nofp\libg_nano.a(libc_a-freer.o)
 .data          0x00000000        0x0 C:/PROGRA~1/ARM-GN~1/ARM-GN~1.REL/bin/../lib/gcc/arm-none-eabi/14.2.1/thumb/v7e-m/nofp\libg_nano.a(libc_a-freer.o)
 .bss           0x00000000        0x0 C:/PROGRA~1/ARM-GN~1/ARM-GN~1.REL/bin/../lib/gcc/arm-none-eabi/14.2.1/thumb/v7e-m/nofp\libg_nano.a(libc_a-freer.o)
 .text._free_r  0x00000000       0x94 C:/PROGRA~1/ARM-GN~1/ARM-GN~1.REL/bin/../lib/gcc/arm-none-eabi/14.2.1/thumb/v7e-m/nofp\libg_nano.a(libc_a-freer.o)
 .debug_frame   0x00000000       0x38 C:/PROGRA~1/ARM-GN~1/ARM-GN~1.REL/bin/../lib/gcc/arm-none-eabi/14.2.1/thumb/v7e-m/nofp\libg_nano.a(libc_a-freer.o)
 .ARM.attributes
                0x00000000       0x2e C:/PROGRA~1/ARM-GN~1/ARM-GN~1.REL/bin/../lib/gcc/arm-none-eabi/14.2.1/thumb/v7e-m/nofp\libg_nano.a(libc_a-freer.o)
 .text          0x00000000        0x0 C:/PROGRA~1/ARM-GN~1/ARM-GN~1.REL/bin/../lib/gcc/arm-none-eabi/14.2.1/thumb/v7e-m/nofp\libg_nano.a(libc_a-mallocr.o)
 .data          0x00000000        0x0 C:/PROGRA~1/ARM-GN~1/ARM-GN~1.REL/bin/../lib/gcc/arm-none-eabi/14.2.1/thumb/v7e-m/nofp\libg_nano.a(libc_a-mallocr.o)
 .bss           0x00000000        0x0 C:/PROGRA~1/ARM-GN~1/ARM-GN~1.REL/bin/../lib/gcc/arm-none-eabi/14.2.1/thumb/v7e-m/nofp\libg_nano.a(libc_a-mallocr.o)
 .text.sbrk_aligned
                0x00000000       0x44 C:/PROGRA~1/ARM-GN~1/ARM-GN~1.REL/bin/../lib/gcc/arm-none-eabi/14.2.1/thumb/v7e-m/nofp\libg_nano.a(libc_a-mallocr.o)
 .text._malloc_r
                0x00000000      0x100 C:/PROGRA~1/ARM-GN~1/ARM-GN~1.REL/bin/../lib/gcc/arm-none-eabi/14.2.1/thumb/v7e-m/nofp\libg_nano.a(libc_a-mallocr.o)
 .bss.__malloc_sbrk_start
                0x00000000        0x4 C:/PROGRA~1/ARM-GN~1/ARM-GN~1.REL/bin/../lib/gcc/arm-none-eabi/14.2.1/thumb/v7e-m/nofp\libg_nano.a(libc_a-mallocr.o)
 .bss.__malloc_free_list
                0x00000000        0x4 C:/PROGRA~1/ARM-GN~1/ARM-GN~1.REL/bin/../lib/gcc/arm-none-eabi/14.2.1/thumb/v7e-m/nofp\libg_nano.a(libc_a-mallocr.o)
 .debug_frame   0x00000000       0x50 C:/PROGRA~1/ARM-GN~1/ARM-GN~1.REL/bin/../lib/gcc/arm-none-eabi/14.2.1/thumb/v7e-m/nofp\libg_nano.a(libc_a-mallocr.o)
 .ARM.attributes
                0x00000000       0x2e C:/PROGRA~1/ARM-GN~1/ARM-GN~1.REL/bin/../lib/gcc/arm-none-eabi/14.2.1/thumb/v7e-m/nofp\libg_nano.a(libc_a-mallocr.o)
 .text          0x00000000        0x0 C:/PROGRA~1/ARM-GN~1/ARM-GN~1.REL/bin/../lib/gcc/arm-none-eabi/14.2.1/thumb/v7e-m/nofp\libg_nano.a(libc_a-mlock.o)
 .data          0x00000000        0x0 C:/PROGRA~1/ARM-GN~1/ARM-GN~1.REL/bin/../lib/gcc/arm-none-eabi/14.2.1/thumb/v7e-m/nofp\libg_nano.a(libc_a-mlock.o)
 .bss           0x00000000        0x0 C:/PROGRA~1/ARM-GN~1/ARM-GN~1.REL/bin/../lib/gcc/arm-none-eabi/14.2.1/thumb/v7e-m/nofp\libg_nano.a(libc_a-mlock.o)
 .text.__malloc_lock
                0x00000000        0xc C:/PROGRA~1/ARM-GN~1/ARM-GN~1.REL/bin/../lib/gcc/arm-none-eabi/14.2.1/thumb/v7e-m/nofp\libg_nano.a(libc_a-mlock.o)
 .text.__malloc_unlock
                0x00000000        0xc C:/PROGRA~1/ARM-GN~1/ARM-GN~1.REL/bin/../lib/gcc/arm-none-eabi/14.2.1/thumb/v7e-m/nofp\libg_nano.a(libc_a-mlock.o)
 .debug_frame   0x00000000       0x30 C:/PROGRA~1/ARM-GN~1/ARM-GN~1.REL/bin/../lib/gcc/arm-none-eabi/14.2.1/thumb/v7e-m/nofp\libg_nano.a(libc_a-mlock.o)
 .ARM.attributes
                0x00000000       0x2e C:/PROGRA~1/ARM-GN~1/ARM-GN~1.REL/bin/../lib/gcc/arm-none-eabi/14.2.1/thumb/v7e-m/nofp\libg_nano.a(libc_a-mlock.o)
 .text          0x00000000        0x0 C:/PROGRA~1/ARM-GN~1/ARM-GN~1.REL/bin/../lib/gcc/arm-none-eabi/14.2.1/thumb/v7e-m/nofp\libg_nano.a(libc_a-fflush.o)
 .data          0x00000000        0x0 C:/PROGRA~1/ARM-GN~1/ARM-GN~1.REL/bin/../lib/gcc/arm-none-eabi/14.2.1/thumb/v7e-m/nofp\libg_nano.a(libc_a-fflush.o)
 .bss           0x00000000        0x0 C:/PROGRA~1/ARM-GN~1/ARM-GN~1.REL/bin/../lib/gcc/arm-none-eabi/14.2.1/thumb/v7e-m/nofp\libg_nano.a(libc_a-fflush.o)
 .text.__sflush_r
                0x00000000       0xfc C:/PROGRA~1/ARM-GN~1/ARM-GN~1.REL/bin/../lib/gcc/arm-none-eabi/14.2.1/thumb/v7e-m/nofp\libg_nano.a(libc_a-fflush.o)
 .text._fflush_r
                0x00000000       0x50 C:/PROGRA~1/ARM-GN~1/ARM-GN~1.REL/bin/../lib/gcc/arm-none-eabi/14.2.1/thumb/v7e-m/nofp\libg_nano.a(libc_a-fflush.o)
 .text.fflush   0x00000000       0x28 C:/PROGRA~1/ARM-GN~1/ARM-GN~1.REL/bin/../lib/gcc/arm-none-eabi/14.2.1/thumb/v7e-m/nofp\libg_nano.a(libc_a-fflush.o)
 .debug_frame   0x00000000       0x5c C:/PROGRA~1/ARM-GN~1/ARM-GN~1.REL/bin/../lib/gcc/arm-none-eabi/14.2.1/thumb/v7e-m/nofp\libg_nano.a(libc_a-fflush.o)
 .ARM.attributes
                0x00000000       0x2e C:/PROGRA~1/ARM-GN~1/ARM-GN~1.REL/bin/../lib/gcc/arm-none-eabi/14.2.1/thumb/v7e-m/nofp\libg_nano.a(libc_a-fflush.o)
 .text          0x00000000        0x0 C:/PROGRA~1/ARM-GN~1/ARM-GN~1.REL/bin/../lib/gcc/arm-none-eabi/14.2.1/thumb/v7e-m/nofp\libg_nano.a(libc_a-sbrkr.o)
 .data          0x00000000        0x0 C:/PROGRA~1/ARM-GN~1/ARM-GN~1.REL/bin/../lib/gcc/arm-none-eabi/14.2.1/thumb/v7e-m/nofp\libg_nano.a(libc_a-sbrkr.o)
 .bss           0x00000000        0x0 C:/PROGRA~1/ARM-GN~1/ARM-GN~1.REL/bin/../lib/gcc/arm-none-eabi/14.2.1/thumb/v7e-m/nofp\libg_nano.a(libc_a-sbrkr.o)
 .text._sbrk_r  0x00000000       0x20 C:/PROGRA~1/ARM-GN~1/ARM-GN~1.REL/bin/../lib/gcc/arm-none-eabi/14.2.1/thumb/v7e-m/nofp\libg_nano.a(libc_a-sbrkr.o)
 .debug_frame   0x00000000       0x2c C:/PROGRA~1/ARM-GN~1/ARM-GN~1.REL/bin/../lib/gcc/arm-none-eabi/14.2.1/thumb/v7e-m/nofp\libg_nano.a(libc_a-sbrkr.o)
 .ARM.attributes
                0x00000000       0x2e C:/PROGRA~1/ARM-GN~1/ARM-GN~1.REL/bin/../lib/gcc/arm-none-eabi/14.2.1/thumb/v7e-m/nofp\libg_nano.a(libc_a-sbrkr.o)
 .text          0x00000000        0x0 C:/PROGRA~1/ARM-GN~1/ARM-GN~1.REL/bin/../lib/gcc/arm-none-eabi/14.2.1/thumb/v7e-m/nofp/crtend.o
 .data          0x00000000        0x0 C:/PROGRA~1/ARM-GN~1/ARM-GN~1.REL/bin/../lib/gcc/arm-none-eabi/14.2.1/thumb/v7e-m/nofp/crtend.o
 .bss           0x00000000        0x0 C:/PROGRA~1/ARM-GN~1/ARM-GN~1.REL/bin/../lib/gcc/arm-none-eabi/14.2.1/thumb/v7e-m/nofp/crtend.o
 .rodata.all_implied_fbits
                0x00000000       0x24 C:/PROGRA~1/ARM-GN~1/ARM-GN~1.REL/bin/../lib/gcc/arm-none-eabi/14.2.1/thumb/v7e-m/nofp/crtend.o
 .eh_frame      0x00000000        0x4 C:/PROGRA~1/ARM-GN~1/ARM-GN~1.REL/bin/../lib/gcc/arm-none-eabi/14.2.1/thumb/v7e-m/nofp/crtend.o
 .text          0x00000000        0x0 C:/PROGRA~1/ARM-GN~1/ARM-GN~1.REL/bin/../lib/gcc/arm-none-eabi/14.2.1/thumb/v7e-m/nofp/crtn.o
 .data          0x00000000        0x0 C:/PROGRA~1/ARM-GN~1/ARM-GN~1.REL/bin/../lib/gcc/arm-none-eabi/14.2.1/thumb/v7e-m/nofp/crtn.o
 .bss           0x00000000        0x0 C:/PROGRA~1/ARM-GN~1/ARM-GN~1.REL/bin/../lib/gcc/arm-none-eabi/14.2.1/thumb/v7e-m/nofp/crtn.o

Memory Configuration

Name             Origin             Length             Attributes
FLASH            0x08000000         0x00080000         xr
RAM              0x20000000         0x00018000         xrw
CCMRAM           0x10000000         0x00000000         xrw
*default*        0x00000000         0xffffffff

Linker script and memory map

LOAD C:/PROGRA~1/ARM-GN~1/ARM-GN~1.REL/bin/../lib/gcc/arm-none-eabi/14.2.1/thumb/v7e-m/nofp/crti.o
LOAD C:/PROGRA~1/ARM-GN~1/ARM-GN~1.REL/bin/../lib/gcc/arm-none-eabi/14.2.1/thumb/v7e-m/nofp/crtbegin.o
LOAD C:/PROGRA~1/ARM-GN~1/ARM-GN~1.REL/bin/../lib/gcc/arm-none-eabi/14.2.1/thumb/v7e-m/nofp/crt0.o
LOAD CMakeFiles/Task_5.dir/EXTI/EXTI.c.obj
LOAD CMakeFiles/Task_5.dir/GPIO/GPIO.c.obj
LOAD CMakeFiles/Task_5.dir/Rcc/Rcc.c.obj
LOAD CMakeFiles/Task_5.dir/src/main.c.obj
LOAD CMakeFiles/Task_5.dir/STM32-base-STM32Cube/CMSIS/STM32F4xx/src/system_stm32f4xx.c.obj
LOAD CMakeFiles/Task_5.dir/STM32-base/startup/STM32F4xx/STM32F401xE.s.obj
START GROUP
LOAD C:/PROGRA~1/ARM-GN~1/ARM-GN~1.REL/bin/../lib/gcc/arm-none-eabi/14.2.1/thumb/v7e-m/nofp\libgcc.a
LOAD C:/PROGRA~1/ARM-GN~1/ARM-GN~1.REL/bin/../lib/gcc/arm-none-eabi/14.2.1/thumb/v7e-m/nofp\libg_nano.a
LOAD C:/PROGRA~1/ARM-GN~1/ARM-GN~1.REL/bin/../lib/gcc/arm-none-eabi/14.2.1/thumb/v7e-m/nofp\libc_nano.a
END GROUP
START GROUP
LOAD C:/PROGRA~1/ARM-GN~1/ARM-GN~1.REL/bin/../lib/gcc/arm-none-eabi/14.2.1/thumb/v7e-m/nofp\libgcc.a
LOAD C:/PROGRA~1/ARM-GN~1/ARM-GN~1.REL/bin/../lib/gcc/arm-none-eabi/14.2.1/thumb/v7e-m/nofp\libc_nano.a
END GROUP
LOAD C:/PROGRA~1/ARM-GN~1/ARM-GN~1.REL/bin/../lib/gcc/arm-none-eabi/14.2.1/thumb/v7e-m/nofp/crtend.o
LOAD C:/PROGRA~1/ARM-GN~1/ARM-GN~1.REL/bin/../lib/gcc/arm-none-eabi/14.2.1/thumb/v7e-m/nofp/crtn.o
                0x20018000                        __end_stack = (ORIGIN (RAM) + LENGTH (RAM))

.isr_vector     0x08000000      0x194
                0x08000000                        . = ALIGN (0x4)
 *(.isr_vector)
 .isr_vector    0x08000000      0x194 CMakeFiles/Task_5.dir/STM32-base/startup/STM32F4xx/STM32F401xE.s.obj
                0x08000194                        . = ALIGN (0x4)

.text           0x08000194     0x106c
                0x08000194                        . = ALIGN (0x4)
                0x08000194                        __text_start = .
 *(.text)
 *(.text*)
 .text.deregister_tm_clones
                0x08000194       0x1c C:/PROGRA~1/ARM-GN~1/ARM-GN~1.REL/bin/../lib/gcc/arm-none-eabi/14.2.1/thumb/v7e-m/nofp/crtbegin.o
 .text.register_tm_clones
                0x080001b0       0x24 C:/PROGRA~1/ARM-GN~1/ARM-GN~1.REL/bin/../lib/gcc/arm-none-eabi/14.2.1/thumb/v7e-m/nofp/crtbegin.o
 .text.__do_global_dtors_aux
                0x080001d4       0x28 C:/PROGRA~1/ARM-GN~1/ARM-GN~1.REL/bin/../lib/gcc/arm-none-eabi/14.2.1/thumb/v7e-m/nofp/crtbegin.o
 .text.frame_dummy
                0x080001fc       0x24 C:/PROGRA~1/ARM-GN~1/ARM-GN~1.REL/bin/../lib/gcc/arm-none-eabi/14.2.1/thumb/v7e-m/nofp/crtbegin.o
 .text.__NVIC_EnableIRQ
                0x08000220       0x38 CMakeFiles/Task_5.dir/EXTI/EXTI.c.obj
 .text.Exti_Init
                0x08000258       0xe4 CMakeFiles/Task_5.dir/EXTI/EXTI.c.obj
                0x08000258                Exti_Init
 .text.Exti_Enable
                0x0800033c       0x60 CMakeFiles/Task_5.dir/EXTI/EXTI.c.obj
                0x0800033c                Exti_Enable
 .text.Gpio_Init
                0x0800039c      0x59c CMakeFiles/Task_5.dir/GPIO/GPIO.c.obj
                0x0800039c                Gpio_Init
 .text.Gpio_WritePin
                0x08000938      0x174 CMakeFiles/Task_5.dir/GPIO/GPIO.c.obj
                0x08000938                Gpio_WritePin
 .text.Gpio_ReadPin
                0x08000aac       0xb0 CMakeFiles/Task_5.dir/GPIO/GPIO.c.obj
                0x08000aac                Gpio_ReadPin
 .text.Rcc_Init
                0x08000b5c       0x3c CMakeFiles/Task_5.dir/Rcc/Rcc.c.obj
                0x08000b5c                Rcc_Init
 .text.Rcc_Enable
                0x08000b98       0xa0 CMakeFiles/Task_5.dir/Rcc/Rcc.c.obj
                0x08000b98                Rcc_Enable
 .text.__NVIC_EnableIRQ
                0x08000c38       0x38 CMakeFiles/Task_5.dir/src/main.c.obj
 .text.EXTI15_10_IRQHandler
                0x08000c70       0xcc CMakeFiles/Task_5.dir/src/main.c.obj
                0x08000c70                EXTI15_10_IRQHandler
 .text.EXTI4_IRQHandler
                0x08000d3c       0x74 CMakeFiles/Task_5.dir/src/main.c.obj
                0x08000d3c                EXTI4_IRQHandler
 .text.main     0x08000db0       0x50 CMakeFiles/Task_5.dir/src/main.c.obj
                0x08000db0                main
 .text.Initialize
                0x08000e00      0x104 CMakeFiles/Task_5.dir/src/main.c.obj
                0x08000e00                Initialize
 .text.DisplayRefresh
                0x08000f04       0x68 CMakeFiles/Task_5.dir/src/main.c.obj
                0x08000f04                DisplayRefresh
 .text.UpdateCounter
                0x08000f6c        0xc CMakeFiles/Task_5.dir/src/main.c.obj
                0x08000f6c                UpdateCounter
 .text.UpdateLastSource
                0x08000f78        0xc CMakeFiles/Task_5.dir/src/main.c.obj
                0x08000f78                UpdateLastSource
 .text.DisableAllDisplays
                0x08000f84       0x30 CMakeFiles/Task_5.dir/src/main.c.obj
                0x08000f84                DisableAllDisplays
 .text.EnableDisplay
                0x08000fb4       0x60 CMakeFiles/Task_5.dir/src/main.c.obj
                0x08000fb4                EnableDisplay
 .text.GetDigitValue
                0x08001014       0xd0 CMakeFiles/Task_5.dir/src/main.c.obj
                0x08001014                GetDigitValue
 .text.SevenSegDisplay
                0x080010e4       0x74 CMakeFiles/Task_5.dir/src/main.c.obj
                0x080010e4                SevenSegDisplay
 .text.Reset_Handler
                0x08001158       0x44 CMakeFiles/Task_5.dir/STM32-base/startup/STM32F4xx/STM32F401xE.s.obj
                0x08001158                Reset_Handler
 .text.Default_Handler
                0x0800119c        0x2 CMakeFiles/Task_5.dir/STM32-base/startup/STM32F4xx/STM32F401xE.s.obj
                0x0800119c                RTC_Alarm_IRQHandler
                0x0800119c                EXTI2_IRQHandler
                0x0800119c                DebugMon_Handler
                0x0800119c                SPI4_IRQHandler
                0x0800119c                TIM1_CC_IRQHandler
                0x0800119c                DMA2_Stream5_IRQHandler
                0x0800119c                HardFault_Handler
                0x0800119c                DMA1_Stream5_IRQHandler
                0x0800119c                SysTick_Handler
                0x0800119c                PVD_IRQHandler
                0x0800119c                SDIO_IRQHandler
                0x0800119c                TAMP_STAMP_IRQHandler
                0x0800119c                PendSV_Handler
                0x0800119c                NMI_Handler
                0x0800119c                EXTI3_IRQHandler
                0x0800119c                TIM1_UP_TIM10_IRQHandler
                0x0800119c                I2C3_ER_IRQHandler
                0x0800119c                EXTI0_IRQHandler
                0x0800119c                I2C2_EV_IRQHandler
                0x0800119c                DMA1_Stream2_IRQHandler
                0x0800119c                FPU_IRQHandler
                0x0800119c                UsageFault_Handler
                0x0800119c                DMA2_Stream2_IRQHandler
                0x0800119c                SPI1_IRQHandler
                0x0800119c                TIM1_BRK_TIM9_IRQHandler
                0x0800119c                DMA2_Stream3_IRQHandler
                0x0800119c                USART6_IRQHandler
                0x0800119c                DMA2_Stream0_IRQHandler
                0x0800119c                TIM4_IRQHandler
                0x0800119c                I2C1_EV_IRQHandler
                0x0800119c                DMA1_Stream6_IRQHandler
                0x0800119c                DMA1_Stream1_IRQHandler
                0x0800119c                TIM3_IRQHandler
                0x0800119c                RCC_IRQHandler
                0x0800119c                Default_Handler
                0x0800119c                ADC_IRQHandler
                0x0800119c                DMA1_Stream7_IRQHandler
                0x0800119c                TIM5_IRQHandler
                0x0800119c                DMA2_Stream7_IRQHandler
                0x0800119c                I2C3_EV_IRQHandler
                0x0800119c                EXTI9_5_IRQHandler
                0x0800119c                RTC_WKUP_IRQHandler
                0x0800119c                SPI2_IRQHandler
                0x0800119c                MemManage_Handler
                0x0800119c                DMA1_Stream0_IRQHandler
                0x0800119c                SVC_Handler
                0x0800119c                WWDG_IRQHandler
                0x0800119c                TIM2_IRQHandler
                0x0800119c                OTG_FS_WKUP_IRQHandler
                0x0800119c                TIM1_TRG_COM_TIM11_IRQHandler
                0x0800119c                EXTI1_IRQHandler
                0x0800119c                USART2_IRQHandler
                0x0800119c                I2C2_ER_IRQHandler
                0x0800119c                DMA2_Stream1_IRQHandler
                0x0800119c                FLASH_IRQHandler
                0x0800119c                DMA2_Stream4_IRQHandler
                0x0800119c                BusFault_Handler
                0x0800119c                USART1_IRQHandler
                0x0800119c                OTG_FS_IRQHandler
                0x0800119c                SPI3_IRQHandler
                0x0800119c                DMA1_Stream4_IRQHandler
                0x0800119c                I2C1_ER_IRQHandler
                0x0800119c                DMA2_Stream6_IRQHandler
                0x0800119c                DMA1_Stream3_IRQHandler
 *fill*         0x0800119e        0x2 
 .text.__libc_init_array
                0x080011a0       0x48 C:/PROGRA~1/ARM-GN~1/ARM-GN~1.REL/bin/../lib/gcc/arm-none-eabi/14.2.1/thumb/v7e-m/nofp\libg_nano.a(libc_a-init.o)
                0x080011a0                __libc_init_array
 *(.glue_7)
 .glue_7        0x080011e8        0x0 linker stubs
 *(.glue_7t)
 .glue_7t       0x080011e8        0x0 linker stubs
 *(.eh_frame)
 .eh_frame      0x080011e8        0x0 C:/PROGRA~1/ARM-GN~1/ARM-GN~1.REL/bin/../lib/gcc/arm-none-eabi/14.2.1/thumb/v7e-m/nofp/crtbegin.o
 *(.init)
 .init          0x080011e8        0x4 C:/PROGRA~1/ARM-GN~1/ARM-GN~1.REL/bin/../lib/gcc/arm-none-eabi/14.2.1/thumb/v7e-m/nofp/crti.o
                0x080011e8                _init
 .init          0x080011ec        0x8 C:/PROGRA~1/ARM-GN~1/ARM-GN~1.REL/bin/../lib/gcc/arm-none-eabi/14.2.1/thumb/v7e-m/nofp/crtn.o
 *(.fini)
 .fini          0x080011f4        0x4 C:/PROGRA~1/ARM-GN~1/ARM-GN~1.REL/bin/../lib/gcc/arm-none-eabi/14.2.1/thumb/v7e-m/nofp/crti.o
                0x080011f4                _fini
 .fini          0x080011f8        0x8 C:/PROGRA~1/ARM-GN~1/ARM-GN~1.REL/bin/../lib/gcc/arm-none-eabi/14.2.1/thumb/v7e-m/nofp/crtn.o
                0x08001200                        . = ALIGN (0x4)
                0x08001200                        __text_end = .

.vfp11_veneer   0x08001200        0x0
 .vfp11_veneer  0x08001200        0x0 linker stubs

.v4_bx          0x08001200        0x0
 .v4_bx         0x08001200        0x0 linker stubs

.iplt           0x08001200        0x0
 .iplt          0x08001200        0x0 C:/PROGRA~1/ARM-GN~1/ARM-GN~1.REL/bin/../lib/gcc/arm-none-eabi/14.2.1/thumb/v7e-m/nofp/crtbegin.o

.rodata         0x08001200        0xc
                0x08001200                        . = ALIGN (0x4)
                0x08001200                        __rodata_start = .
 *(.rodata)
 .rodata        0x08001200        0xa CMakeFiles/Task_5.dir/src/main.c.obj
 *(.rodata*)
                0x0800120c                        . = ALIGN (0x4)
 *fill*         0x0800120a        0x2 
                0x0800120c                        __rodata_end = .

.rel.dyn        0x0800120c        0x0
 .rel.iplt      0x0800120c        0x0 C:/PROGRA~1/ARM-GN~1/ARM-GN~1.REL/bin/../lib/gcc/arm-none-eabi/14.2.1/thumb/v7e-m/nofp/crtbegin.o

.ARM.extab
 *(.ARM.extab* .gnu.linkonce.armextab.*)

.ARM            0x0800120c        0x0
                0x0800120c                        __exidx_start = .
 *(.ARM.exidx*)
                0x0800120c                        __exidx_end = .

.preinit_array  0x0800120c        0x0
                0x0800120c                        PROVIDE (__preinit_array_start = .)
 *(.preinit_array*)
                0x0800120c                        PROVIDE (__preinit_array_end = .)

.init_array     0x0800120c        0x4
                0x0800120c                        PROVIDE (__init_array_start = .)
 *(.init_array*)
 .init_array    0x0800120c        0x4 C:/PROGRA~1/ARM-GN~1/ARM-GN~1.REL/bin/../lib/gcc/arm-none-eabi/14.2.1/thumb/v7e-m/nofp/crtbegin.o
                0x08001210                        PROVIDE (__init_array_end = .)

.fini_array     0x08001210        0x4
                [!provide]                        PROVIDE (__fini_array_start = .)
 *(.fini_array*)
 .fini_array    0x08001210        0x4 C:/PROGRA~1/ARM-GN~1/ARM-GN~1.REL/bin/../lib/gcc/arm-none-eabi/14.2.1/thumb/v7e-m/nofp/crtbegin.o
                [!provide]                        PROVIDE (__fini_array_end = .)
                0x08001214                        __data_flash_start = LOADADDR (.data)

.data           0x20000000       0x10 load address 0x08001214
                0x20000000                        . = ALIGN (0x4)
                0x20000000                        __data_start = .
 *(.data)
 *(.data*)
 .data.sevenSegmentMap
                0x20000000        0xe CMakeFiles/Task_5.dir/src/main.c.obj
                0x20000000                sevenSegmentMap
                0x20000010                        . = ALIGN (0x4)
 *fill*         0x2000000e        0x2 
                0x20000010                        __data_end = .

.tm_clone_table
                0x20000010        0x0 load address 0x08001224
 .tm_clone_table
                0x20000010        0x0 C:/PROGRA~1/ARM-GN~1/ARM-GN~1.REL/bin/../lib/gcc/arm-none-eabi/14.2.1/thumb/v7e-m/nofp/crtbegin.o
 .tm_clone_table
                0x20000010        0x0 C:/PROGRA~1/ARM-GN~1/ARM-GN~1.REL/bin/../lib/gcc/arm-none-eabi/14.2.1/thumb/v7e-m/nofp/crtend.o

.igot.plt       0x20000010        0x0 load address 0x08001224
 .igot.plt      0x20000010        0x0 C:/PROGRA~1/ARM-GN~1/ARM-GN~1.REL/bin/../lib/gcc/arm-none-eabi/14.2.1/thumb/v7e-m/nofp/crtbegin.o

.bss            0x20000010       0x24 load address 0x08001224
                0x20000010                        . = ALIGN (0x4)
                0x20000010                        __bss_start = .
                0x20000010                        __bss_start__ = __bss_start
 *(.bss)
 *(.bss*)
 .bss.completed.1
                0x20000010        0x1 C:/PROGRA~1/ARM-GN~1/ARM-GN~1.REL/bin/../lib/gcc/arm-none-eabi/14.2.1/thumb/v7e-m/nofp/crtbegin.o
 *fill*         0x20000011        0x3 
 .bss.object.0  0x20000014       0x18 C:/PROGRA~1/ARM-GN~1/ARM-GN~1.REL/bin/../lib/gcc/arm-none-eabi/14.2.1/thumb/v7e-m/nofp/crtbegin.o
 .bss.g_counter
                0x2000002c        0x2 CMakeFiles/Task_5.dir/src/main.c.obj
                0x2000002c                g_counter
 .bss.g_lastInterruptSource
                0x2000002e        0x1 CMakeFiles/Task_5.dir/src/main.c.obj
                0x2000002e                g_lastInterruptSource
 .bss.g_counterChanged
                0x2000002f        0x1 CMakeFiles/Task_5.dir/src/main.c.obj
                0x2000002f                g_counterChanged
 .bss.g_sourceChanged
                0x20000030        0x1 CMakeFiles/Task_5.dir/src/main.c.obj
                0x20000030                g_sourceChanged
 .bss.g_currentDigit
                0x20000031        0x1 CMakeFiles/Task_5.dir/src/main.c.obj
                0x20000031                g_currentDigit
 *(COMMON)
                0x20000034                        . = ALIGN (0x4)
 *fill*         0x20000032        0x2 
                0x20000034                        __bss_end = .
                0x20000034                        __bss_end__ = __bss_end
                0x08001224                        __cmmdata_flash_start = LOADADDR (.ccmram)

.ccmram         0x10000000        0x0 load address 0x08001224
                0x10000000                        . = ALIGN (0x4)
                0x10000000                        __ccmdata_start = .
 *(.ccmram)
 *(.ccmram*)
                0x10000000                        . = ALIGN (0x4)
                0x10000000                        __ccmdata_end = .

._user_heap_stack
                0x20000034      0x600
                0x20000034                        . = ALIGN (0x4)
                [!provide]                        PROVIDE (end = .)
                [!provide]                        PROVIDE (_end = .)
                0x20000234                        . = (. + 0x200)
 *fill*         0x20000034      0x200 
                0x20000634                        . = (. + 0x400)
 *fill*         0x20000234      0x400 
                0x20000634                        . = ALIGN (0x4)

/DISCARD/
 libc.a(*)
 libm.a(*)
 libgcc.a(*)

.ARM.attributes
                0x00000000       0x2a
 *(.ARM.attributes)
 .ARM.attributes
                0x00000000       0x1e C:/PROGRA~1/ARM-GN~1/ARM-GN~1.REL/bin/../lib/gcc/arm-none-eabi/14.2.1/thumb/v7e-m/nofp/crti.o
 .ARM.attributes
                0x0000001e       0x2e C:/PROGRA~1/ARM-GN~1/ARM-GN~1.REL/bin/../lib/gcc/arm-none-eabi/14.2.1/thumb/v7e-m/nofp/crtbegin.o
 .ARM.attributes
                0x0000004c       0x2e CMakeFiles/Task_5.dir/EXTI/EXTI.c.obj
 .ARM.attributes
                0x0000007a       0x2e CMakeFiles/Task_5.dir/GPIO/GPIO.c.obj
 .ARM.attributes
                0x000000a8       0x2e CMakeFiles/Task_5.dir/Rcc/Rcc.c.obj
 .ARM.attributes
                0x000000d6       0x2e CMakeFiles/Task_5.dir/src/main.c.obj
 .ARM.attributes
                0x00000104       0x1c CMakeFiles/Task_5.dir/STM32-base/startup/STM32F4xx/STM32F401xE.s.obj
 .ARM.attributes
                0x00000120       0x2e C:/PROGRA~1/ARM-GN~1/ARM-GN~1.REL/bin/../lib/gcc/arm-none-eabi/14.2.1/thumb/v7e-m/nofp\libg_nano.a(libc_a-init.o)
 .ARM.attributes
                0x0000014e       0x2e C:/PROGRA~1/ARM-GN~1/ARM-GN~1.REL/bin/../lib/gcc/arm-none-eabi/14.2.1/thumb/v7e-m/nofp/crtend.o
 .ARM.attributes
                0x0000017c       0x1e C:/PROGRA~1/ARM-GN~1/ARM-GN~1.REL/bin/../lib/gcc/arm-none-eabi/14.2.1/thumb/v7e-m/nofp/crtn.o
OUTPUT(Task_5.elf elf32-littlearm)
LOAD linker stubs
LOAD C:/PROGRA~1/ARM-GN~1/ARM-GN~1.REL/bin/../lib/gcc/arm-none-eabi/14.2.1/thumb/v7e-m/nofp\libc.a
LOAD C:/PROGRA~1/ARM-GN~1/ARM-GN~1.REL/bin/../lib/gcc/arm-none-eabi/14.2.1/thumb/v7e-m/nofp\libm.a
LOAD C:/PROGRA~1/ARM-GN~1/ARM-GN~1.REL/bin/../lib/gcc/arm-none-eabi/14.2.1/thumb/v7e-m/nofp\libgcc.a

.debug_info     0x00000000     0x113b
 .debug_info    0x00000000      0x5a4 CMakeFiles/Task_5.dir/EXTI/EXTI.c.obj
 .debug_info    0x000005a4      0x185 CMakeFiles/Task_5.dir/GPIO/GPIO.c.obj
 .debug_info    0x00000729      0x13d CMakeFiles/Task_5.dir/Rcc/Rcc.c.obj
 .debug_info    0x00000866      0x8a5 CMakeFiles/Task_5.dir/src/main.c.obj
 .debug_info    0x0000110b       0x30 CMakeFiles/Task_5.dir/STM32-base/startup/STM32F4xx/STM32F401xE.s.obj

.debug_abbrev   0x00000000      0x554
 .debug_abbrev  0x00000000      0x174 CMakeFiles/Task_5.dir/EXTI/EXTI.c.obj
 .debug_abbrev  0x00000174       0x8a CMakeFiles/Task_5.dir/GPIO/GPIO.c.obj
 .debug_abbrev  0x000001fe       0x88 CMakeFiles/Task_5.dir/Rcc/Rcc.c.obj
 .debug_abbrev  0x00000286      0x2b1 CMakeFiles/Task_5.dir/src/main.c.obj
 .debug_abbrev  0x00000537       0x1d CMakeFiles/Task_5.dir/STM32-base/startup/STM32F4xx/STM32F401xE.s.obj

.debug_loc      0x00000000      0x6e0
 .debug_loc     0x00000000      0x164 CMakeFiles/Task_5.dir/EXTI/EXTI.c.obj
 .debug_loc     0x00000164      0x114 CMakeFiles/Task_5.dir/GPIO/GPIO.c.obj
 .debug_loc     0x00000278       0xfc CMakeFiles/Task_5.dir/Rcc/Rcc.c.obj
 .debug_loc     0x00000374      0x36c CMakeFiles/Task_5.dir/src/main.c.obj

.debug_aranges  0x00000000      0x138
 .debug_aranges
                0x00000000       0x38 CMakeFiles/Task_5.dir/EXTI/EXTI.c.obj
 .debug_aranges
                0x00000038       0x30 CMakeFiles/Task_5.dir/GPIO/GPIO.c.obj
 .debug_aranges
                0x00000068       0x30 CMakeFiles/Task_5.dir/Rcc/Rcc.c.obj
 .debug_aranges
                0x00000098       0x78 CMakeFiles/Task_5.dir/src/main.c.obj
 .debug_aranges
                0x00000110       0x28 CMakeFiles/Task_5.dir/STM32-base/startup/STM32F4xx/STM32F401xE.s.obj

.debug_ranges   0x00000000       0xf0
 .debug_ranges  0x00000000       0x28 CMakeFiles/Task_5.dir/EXTI/EXTI.c.obj
 .debug_ranges  0x00000028       0x20 CMakeFiles/Task_5.dir/GPIO/GPIO.c.obj
 .debug_ranges  0x00000048       0x20 CMakeFiles/Task_5.dir/Rcc/Rcc.c.obj
 .debug_ranges  0x00000068       0x68 CMakeFiles/Task_5.dir/src/main.c.obj
 .debug_ranges  0x000000d0       0x20 CMakeFiles/Task_5.dir/STM32-base/startup/STM32F4xx/STM32F401xE.s.obj

.debug_line     0x00000000     0x121d
 .debug_line    0x00000000      0x341 CMakeFiles/Task_5.dir/EXTI/EXTI.c.obj
 .debug_line    0x00000341      0x629 CMakeFiles/Task_5.dir/GPIO/GPIO.c.obj
 .debug_line    0x0000096a      0x163 CMakeFiles/Task_5.dir/Rcc/Rcc.c.obj
 .debug_line    0x00000acd      0x683 CMakeFiles/Task_5.dir/src/main.c.obj
 .debug_line    0x00001150       0xcd CMakeFiles/Task_5.dir/STM32-base/startup/STM32F4xx/STM32F401xE.s.obj

.debug_str      0x00000000      0xa73
 .debug_str     0x00000000      0xa73 CMakeFiles/Task_5.dir/EXTI/EXTI.c.obj
                                0x6f1 (size before relaxing)
 .debug_str     0x00000a73      0x270 CMakeFiles/Task_5.dir/GPIO/GPIO.c.obj
 .debug_str     0x00000a73      0x25c CMakeFiles/Task_5.dir/Rcc/Rcc.c.obj
 .debug_str     0x00000a73      0x849 CMakeFiles/Task_5.dir/src/main.c.obj
 .debug_str     0x00000a73       0xee CMakeFiles/Task_5.dir/STM32-base/startup/STM32F4xx/STM32F401xE.s.obj

.comment        0x00000000       0x45
 .comment       0x00000000       0x45 CMakeFiles/Task_5.dir/EXTI/EXTI.c.obj
                                 0x46 (size before relaxing)
 .comment       0x00000045       0x46 CMakeFiles/Task_5.dir/GPIO/GPIO.c.obj
 .comment       0x00000045       0x46 CMakeFiles/Task_5.dir/Rcc/Rcc.c.obj
 .comment       0x00000045       0x46 CMakeFiles/Task_5.dir/src/main.c.obj

.debug_frame    0x00000000      0x390
 .debug_frame   0x00000000       0xac CMakeFiles/Task_5.dir/EXTI/EXTI.c.obj
 .debug_frame   0x000000ac       0x8c CMakeFiles/Task_5.dir/GPIO/GPIO.c.obj
 .debug_frame   0x00000138       0x80 CMakeFiles/Task_5.dir/Rcc/Rcc.c.obj
 .debug_frame   0x000001b8      0x1ac CMakeFiles/Task_5.dir/src/main.c.obj
 .debug_frame   0x00000364       0x2c C:/PROGRA~1/ARM-GN~1/ARM-GN~1.REL/bin/../lib/gcc/arm-none-eabi/14.2.1/thumb/v7e-m/nofp\libg_nano.a(libc_a-init.o)
